../Src/main.c:55:6:USART1_IRQHandler	8	static
../Src/main.c:70:6:UART4_IRQHandler	8	static
../Src/main.c:86:6:USART2_IRQHandler	8	static
../Src/main.c:104:6:monitoring_Function_Init	24	static
../Src/main.c:149:6:USART3_IRQHandler	8	static
../Src/main.c:166:6:USART6_IRQHandler	8	static
../Src/main.c:181:6:UART_Config	24	static
../Src/main.c:195:6:Timer_Config	24	static
../Src/main.c:222:5:main	16	static
../Src/main.c:240:6:Function_timeMess	16	static
../Src/main.c:247:6:Function_ReturnTime	16	static
../Src/main.c:256:6:TIMx_RestartStruct	16	static
../Src/main.c:267:6:TIMx_SetChannelCFG	24	static
