../Src/TIMERx.c:17:6:Tim_Cfg	16	static
../Src/TIMERx.c:35:6:TIMx_GPIO_Init	24	static
../Src/TIMERx.c:40:6:TIMx_Init	32	static
../Src/TIMERx.c:136:6:TIM_CallBack	24	static
../Src/TIMERx.c:166:6:TIM1_UP_TIM10_IRQHandler	4	static
../Src/TIMERx.c:171:6:TIM1_TRG_COM_TIM11_IRQHandler	4	static
../Src/TIMERx.c:175:6:TIM8_UP_TIM13_IRQHandler	4	static
../Src/TIMERx.c:179:6:TIM2_IRQHandler	4	static
../Src/TIMERx.c:185:6:TIM3_IRQHandler	4	static
../Src/TIMERx.c:191:6:TIM4_IRQHandler	4	static
../Src/TIMERx.c:197:6:TIM5_IRQHandler	8	static
../Src/TIMERx.c:221:6:TIMx_InternalCLK	56	static
../Src/TIMERx.c:351:6:TIMx_OPM	32	static
../Src/TIMERx.c:394:6:TIMx_OutputCB	16	static
../Src/TIMERx.c:527:6:TIMx_OutputCBStandard	16	static
../Src/TIMERx.c:560:6:TIMx_SetCMMR	16	static
../Src/TIMERx.c:616:6:TIMx_SetPolarity	24	static
../Src/TIMERx.c:716:6:TIMx_SetPolarityDetection	24	static
../Src/TIMERx.c:729:6:TIMx_SetMMS	16	static
../Src/TIMERx.c:733:6:TIMx_SetSMS	16	static
../Src/TIMERx.c:738:6:TIMx_SetTS	16	static
../Src/TIMERx.c:742:6:TIMx_SetDir	16	static
../Src/TIMERx.c:751:6:TIMx_SetCMS	16	static
../Src/TIMERx.c:767:6:TIMx_SetUG	16	static
../Src/TIMERx.c:771:6:TIMx_SetRCR	16	static
../Src/TIMERx.c:777:6:TIMx_SetDTG	32	static
../Src/TIMERx.c:810:6:TIMx_SetCCRx	24	static
../Src/TIMERx.c:838:6:TIMx_EnableCEN	16	static
../Src/TIMERx.c:842:6:TIMx_DisableCEN	16	static
../Src/TIMERx.c:846:6:TIMx_EnableARPE	16	static
../Src/TIMERx.c:850:6:TIMx_DisableARP	16	static
../Src/TIMERx.c:855:6:TIMx_EnableOPM	16	static
../Src/TIMERx.c:859:6:TIMx_DisableOPM	16	static
../Src/TIMERx.c:864:6:Timx_EnableInt	16	static
../Src/TIMERx.c:868:6:Timx_DisableInt	16	static
../Src/TIMERx.c:873:6:RCC_EnTimx	16	static
../Src/TIMERx.c:919:9:TIMx_VerifyFunctionalities	24	static
../Src/TIMERx.c:939:6:TIMx_ClearUIFlag	16	static
